C51 COMPILER V9.60.0.0   DS18B20                                                           02/05/2023 15:18:12 PAGE 1   


C51 COMPILER V9.60.0.0, COMPILATION OF MODULE DS18B20
OBJECT MODULE PLACED IN .\Objects\ds18b20.obj
COMPILER INVOKED BY: C:\Keil_v5\C51\BIN\C51.EXE ds18b20.c OPTIMIZE(8,SPEED) BROWSE DEBUG OBJECTEXTEND PRINT(.\Listings\d
                    -s18b20.lst) OBJECT(.\Objects\ds18b20.obj)

line level    source

   1          #include "DS18B20.h"
   2          #include "delay.h"
   3          #include <regx51.h>
   4          
   5          sbit DQ = P1^2;  // P3^2
   6          
   7          void DS18B20_Reset(void) reentrant{
   8   1              char Result = 1;
   9   1              while(Result){
  10   2                      DQ = 0;
  11   2                      delay_us(60);
  12   2                      DQ = 1;
  13   2                      delay_us(5);
  14   2                      Result = DQ;
  15   2                      delay_us(10);
  16   2              }
  17   1      }
  18          
  19          char DS18B20_Read(void){
  20   1              char i, Result = 0;
  21   1              for(i = 0; i < 8; i++){
  22   2                      DQ = 0;
  23   2                      DQ = 1;
  24   2                      delay_us(3);
  25   2                      if(DQ){
  26   3                              Result = Result | (0x01 << i);
  27   3                              delay_us(6);
  28   3                      }
  29   2              }
  30   1              return Result;
  31   1      }
  32          
  33          void DS18B20_Write(char Data) reentrant{
  34   1              char i;
  35   1              for(i = 0; i < 8; i++){
  36   2                      DQ = 0;
  37   2                      Data = Data >> 1;
  38   2                      DQ = CY;   // sbit CY
  39   2                      delay_us(3);
  40   2                      DQ = 1;
  41   2                      delay_us(6);
  42   2              }
  43   1      }
  44          
  45          void DS18B20_Init(char aHigh, char aLow, char Mode){
  46   1              DS18B20_Reset();
  47   1              DS18B20_Write(SKIP_ROM);
  48   1              DS18B20_Write(WRITE_SCRATCHPAD);
  49   1              DS18B20_Write(aHigh);
  50   1              DS18B20_Write(aLow);
  51   1              DS18B20_Write(Mode);
  52   1      }
  53          
  54          
C51 COMPILER V9.60.0.0   DS18B20                                                           02/05/2023 15:18:12 PAGE 2   

  55                          


MODULE INFORMATION:   STATIC OVERLAYABLE
   CODE SIZE        =    219    ----
   CONSTANT SIZE    =   ----    ----
   XDATA SIZE       =   ----    ----
   PDATA SIZE       =   ----    ----
   DATA SIZE        =   ----       5
   IDATA SIZE       =   ----    ----
   BIT SIZE         =   ----    ----
END OF MODULE INFORMATION.


C51 COMPILATION COMPLETE.  0 WARNING(S),  0 ERROR(S)
